{:objects
 {:Hello
  {:fields
   {:world
    {:args {"argOne" {:type Boolean}, "argTwo" {:type Int}},
     :type String}}}}}
