{:objects
 {:Person
  {:fields
   {:name {:type String},
    :age {:type Int},
    :picture {:type String},
    :relationship {:type :Person}}}}}
