{:objects
 {:Person {:fields {:name {:type String}, :age {:type Int}}},
  :Photo {:fields {:height {:type Int}, :width {:type Int}}}}}
