{:interfaces {:Pet {:fields {:name {:type (non-null String)}}}}}
