{:objects {:Hello {:fields {:world {:type String}}}}}
