{:objects {:Hello {:implements [:World], :fields {}}}}
