{:input-objects
 {:Hello
  {:fields {:world {:type (non-null String)}, :this {:type Int}}}}}
