{:enums {:LengthUnit {:values [:METER :FOOT :INCH :CENTIMETER]}},
 :objects
 {:Starship
  {:fields
   {:id {:type (non-null ID)},
    :name {:type (non-null String)},
    :length {:args {"unit" {:type LengthUnit}}, :type Float}}}}}
