{:unions {:Hello {:name "Hello", :members [:Wo :Rld]}}}
