{:objects {:Hello {:fields {:world {:type (non-null String)}}}}}
