{:interfaces {:Hello {:fields {:world {:type String}}}}}
