{:objects
 {:Hello
  {:fields
   {:world
    {:args {:flag {:type Boolean, :default-value true}},
     :type (non-null String)},
    :this {:type Int}}}}}
