{:subscriptions
 {:commentAdded
  {:args {:postID {:type (non-null String)}}, :type String}}}
