{:objects
 {:Person
  {:fields
   {:name {:args {"id" {:type "ID"}}, :type "String"},
    :age {:type "Int"},
    :picture {:type "String"}}}}}
