{:objects
 {:Person
  {:fields
   {:name {:name "name", :type "String"},
    :age {:name "age", :type "Int"},
    :picture {:name "picture", :type "String"}}}}}
