{:objects
 {:Person {:fields {:name {:type String}, :age {:type Int}}},
  :Photo {:fields {:height {:type Int}, :width {:type Int}}},
  :SearchQuery {:fields {:firstSearchResult {:type SearchResult}}}},
 :unions
 {:SearchResult {:name "SearchResult", :members [Photo Person]}}}
