{:objects {:Hello {:implements [:Wo :rld], :fields {}}}}
