{:objects
 {:Mineral {:fields {:mohs {:type :int}, :type {:type :Type}}}},
 :enums {:Type {:values [:NATIVE_ELEMENT :OXIDE :SILICATE]}}}
