{:objects
 {:Hello
  {:fields
   {:world {:args {"things" {:type (list String)}}, :type String}}}}}
