{:unions {:Hello {:name "Hello", :members [:World]}}}
