{:unions
 {:SearchResult {:name "SearchResult", :members [:Business :Person]}}}
