{:enums {:Episode {:values ["NEWHOPE" "EMPIRE" "JEDI"]}}}
