{:objects {:Dog {:fields {:name {:type String}}}}}
