{:objects
 {:Hello
  {:fields {:world {:args {:flag {:type Boolean}}, :type String}}}}}
