{:enums {:DogCommand {:values [:SIT :DOWN :HEEL]}}}
