{:roots {"query" "Query", "mutation" "Mutation"}}
